---
source: tests/codegen.rs
expression: "&mine"
---
stdout: "sizeof(struct {int x:1; }) => 4\nsizeof(struct {long x:1; }) => 8\nsizeof(struct bit1) => 4\n({ struct bit1 x; x.a=1; x.b=2; x.c=3; x.d=4; x.e=5; x.a; }) => 1\n({ struct bit1 x={1,2,3,4,5}; x.a; }) => 1\n({ struct bit1 x={1,2,3,4,5}; x.b; }) => 2\n({ struct bit1 x={1,2,3,4,5}; x.c; }) => -1\n({ struct bit1 x={1,2,3,4,5}; x.d; }) => -4\n({ struct bit1 x={1,2,3,4,5}; x.e; }) => -3\nOK\n"
status: 0
