---
source: tests/codegen.rs
expression: "&mine"
---
stdout: "sizeof(L'\\0') => 4\nL'a' => 97\nstrcmp(\"αβγ\", \"αβγ\") => 0\nstrcmp(\"日本語\", \"日本語\") => 0\nstrcmp(\"日本語\", \"日本語\") => 0\nstrcmp(\"🌮\", \"🌮\") => 0\nL'\\xffffffff'>>31 => -1\nL'β' => 946\nL'あ' => 12354\nL'🍣' => 127843\nOK\n"
status: 0
