---
source: tests/codegen.rs
expression: "&mine"
---
stdout: "({ int x[3]={1,2,3}; x[0]; }) => 1\n({ int x[3]={1,2,3}; x[1]; }) => 2\n({ int x[3]={1,2,3}; x[2]; }) => 3\n({ int x[3]={1,2,3}; x[2]; }) => 3\n({ int x[2][3]={{1,2,3},{4,5,6}}; x[0][1]; }) => 2\n({ int x[2][3]={{1,2,3},{4,5,6}}; x[1][0]; }) => 4\n({ int x[2][3]={{1,2,3},{4,5,6}}; x[1][2]; }) => 6\n({ int x[3]={}; x[0]; }) => 0\n({ int x[3]={}; x[1]; }) => 0\n({ int x[3]={}; x[2]; }) => 0\n({ int x[2][3]={{1,2}}; x[0][1]; }) => 2\n({ int x[2][3]={{1,2}}; x[1][0]; }) => 0\n({ int x[2][3]={{1,2}}; x[1][2]; }) => 0\nOK\n"
status: 0
