---
source: tests/codegen.rs
expression: "&mine"
---
stdout: "sum1(1, 2, 3, 0) => 6\nsum1(1, 2, 3, 4, 5, 6, 7, 8, 9, 10, 0) => 55\nsum2(1, 2.0, 3, 4.0, 5, 6.0, 0) => 21\nsum2(1, 2.0, 3, 4.0, 5, 6.0, 0) => 21\nsum2(1, 2.0, 3, 4.0, 5, 6.0, 7, 8.0, 9, 10.0, 11, 12.0, 13, 14.0, 15, 16.0, 17, 18.0, 19, 20.0, 0) => 210\n({ char buf[100]; fmt(buf, \"%d %d\", 2, 3); strcmp(buf, \"2 3\"); }) => 0\nOK\n"
status: 0
